<?xml version="1.0" encoding="utf-8"?><testsuites><testsuite name="pytest" errors="0" failures="0" skipped="0" tests="14" time="3.927" timestamp="2025-11-12T01:50:17.924746-08:00" hostname="DESKTOP-HI1FJVQ"><testcase classname="accounts.tests.TestUserModel" name="test_create_user" time="0.520" /><testcase classname="accounts.tests.TestUserModel" name="test_create_superuser" time="0.006" /><testcase classname="accounts.tests.TestUserModel" name="test_user_str" time="0.004" /><testcase classname="accounts.tests.TestUserModel" name="test_user_properties" time="0.005" /><testcase classname="accounts.tests.TestAuthenticationAPI" name="test_login_success" time="0.339" /><testcase classname="accounts.tests.TestAuthenticationAPI" name="test_login_invalid_credentials" time="0.010" /><testcase classname="accounts.tests.TestAuthenticationAPI" name="test_login_missing_fields" time="0.009" /><testcase classname="accounts.tests.TestAuthenticationAPI" name="test_get_current_user" time="0.053" /><testcase classname="accounts.tests.TestAuthenticationAPI" name="test_update_current_user" time="0.014" /><testcase classname="accounts.tests.TestUserManagementAPI" name="test_list_users_as_admin" time="0.016" /><testcase classname="accounts.tests.TestUserManagementAPI" name="test_list_users_as_student_forbidden" time="0.014" /><testcase classname="accounts.tests.TestUserManagementAPI" name="test_create_user_as_admin" time="0.015" /><testcase classname="accounts.tests.TestUserManagementAPI" name="test_update_user_as_admin" time="0.013" /><testcase classname="accounts.tests.TestUserManagementAPI" name="test_delete_user_as_admin" time="0.017" /></testsuite></testsuites>